module AddDecl where

-- Adding a declaration to an existing file

-- | Do foo
foo a b = a + b

nn = n2

-- | Do bar
bar x y = foo (x+y) x
