module AddLocalDecl1 where

-- |This is a function
foo = x -- comment1
  where
    nn = 2

-- |Another fun
x = 3
